keycode 41  = backslash       dead_tilde
keycode 2   = one             exclam           section               exclamdown
keycode 3   = two             quotedbl         twosuperior           dead_doublegrave      
keycode 4   = three           at               sterling                                     
keycode 5   = four            U+20AC           dollar                currency              
keycode 6   = five            percent          onehalf                                
keycode 7   = six             ampersand                                                      
keycode 8   = seven           braceleft                                                      
keycode 9   = eight           parenleft        bracketleft                                  
keycode 10  = nine            parenright       bracketright                                 
keycode 11  = zero            braceright       degree
keycode 12  = plus            question         plusminus             questiondown
keycode 13  = equal           numbersign       U+2248                U+2260

keycode 16  = p               P                dead_belowdot         pi
keycode 17  = h               H                
keycode 18  = r               R                dead_circumflex
keycode 19  = k               K                dead_caron
keycode 20  = less            greater          U+2264                U+2265
keycode 21  = apostrophe      bar                               
keycode 22  = w               W                U+0259                U+018F
keycode 23  = u               U                uacute                Uacute
keycode 24  = y               Y                dead_breve
keycode 25  = b               B                                 
keycode 26  = q               Q                oe                    OE
keycode 27  = z               Z                zcaron                Zcaron

keycode 30  = s               S                ssharp                Scaron
keycode 31  = l               L                dead_acute            lstroke
keycode 32  = n               N                dead_grave            U+2207
keycode 33  = t               T                thorn                 THORN
keycode 34  = v               V                
keycode 35  = g               G                eng                   ENG
keycode 36  = a               A                aacute                Aacute
keycode 37  = i               I                iacute                Iacute
keycode 38  = o               O                oacute                Oacute
keycode 39  = e               E                epsilon
keycode 40  = c               C                ccedilla              Ccedilla

keycode 43  = asterisk        slash            dead_cedilla
keycode 86  = f               F                U+2202
keycode 44  = x               X                multiply              division
keycode 45  = d               D                eth                   ETH
keycode 46  = m               M                mu
keycode 47  = j               J                zeta
keycode 48  = aring           Aring            dead_abovering        dead_abovering
keycode 49  = odiaeresis      Odiaeresis       oslash                Oslash
keycode 50  = adiaeresis      Adiaeresis       ae                    AE
keycode 51  = comma           semicolon        dead_belowcomma
keycode 52  = period          colon            dead_diaeresis
keycode 53  = minus           underscore       dead_macron

include "linux-with-alt-and-altgr"
